
Discarded input sections

 .group         0x00000000        0xc build/startup.o
 .group         0x00000000        0xc build/startup.o
 .text          0x00000000        0x0 build/startup.o
 .data          0x00000000        0x0 build/startup.o
 .bss           0x00000000        0x0 build/startup.o
 .group         0x00000000        0xc build/main.o
 .group         0x00000000        0xc build/main.o
 .text          0x00000000        0x0 build/main.o
 .data          0x00000000        0x0 build/main.o
 .bss           0x00000000        0x0 build/main.o
 .debug_macro   0x00000000      0xad8 build/main.o
 .debug_macro   0x00000000      0x523 build/main.o

Memory Configuration

Name             Origin             Length             Attributes
FLASH            0x08000000         0x00010000         xr
RAM              0x20000000         0x00005000         xrw
*default*        0x00000000         0xffffffff

Linker script and memory map

LOAD build/startup.o
LOAD build/main.o
                0x20005000                        _estack = (ORIGIN (RAM) + LENGTH (RAM))

.isr_vector     0x08000000       0xec
 *(.isr_vector)
 .isr_vector    0x08000000       0xec build/startup.o
                0x08000000                vector_table

.text           0x080000ec      0x124
 *(.text*)
 .text.Reset_Handler
                0x080000ec       0x60 build/startup.o
                0x080000ec                Reset_Handler
 .text.NMI_Handler
                0x0800014c        0x8 build/startup.o
                0x0800014c                NMI_Handler
 .text.HardFault_Handler
                0x08000154        0x8 build/startup.o
                0x08000154                HardFault_Handler
 .text.MemManage_Handler
                0x0800015c        0x8 build/startup.o
                0x0800015c                MemManage_Handler
 .text.BusFault_Handler
                0x08000164        0x8 build/startup.o
                0x08000164                BusFault_Handler
 .text.UsageFault_Handler
                0x0800016c        0x8 build/startup.o
                0x0800016c                UsageFault_Handler
 .text.SVCall_Handler
                0x08000174        0x8 build/startup.o
                0x08000174                SVCall_Handler
 .text.DebugMon_Handler
                0x0800017c        0x8 build/startup.o
                0x0800017c                DebugMon_Handler
 .text.PendSV_Handler
                0x08000184        0x8 build/startup.o
                0x08000184                PendSV_Handler
 .text.SysTick_Handler
                0x0800018c        0x8 build/startup.o
                0x0800018c                SysTick_Handler
 .text.Default_Handler
                0x08000194        0x8 build/startup.o
                0x08000194                Default_Handler
 .text.main     0x0800019c       0x74 build/main.o
                0x0800019c                main
 *(.rodata*)

.glue_7         0x08000210        0x0
 .glue_7        0x08000210        0x0 linker stubs

.glue_7t        0x08000210        0x0
 .glue_7t       0x08000210        0x0 linker stubs

.vfp11_veneer   0x08000210        0x0
 .vfp11_veneer  0x08000210        0x0 linker stubs

.v4_bx          0x08000210        0x0
 .v4_bx         0x08000210        0x0 linker stubs

.iplt           0x08000210        0x0
 .iplt          0x08000210        0x0 build/startup.o

.rel.dyn        0x08000210        0x0
 .rel.iplt      0x08000210        0x0 build/startup.o

.data           0x20000000        0x0 load address 0x08000210
                0x20000000                        . = ALIGN (0x4)
                0x20000000                        _sdata = .
 *(.data*)
                0x20000000                        . = ALIGN (0x4)
                0x20000000                        _edata = .
                0x08000210                        _sidata = LOADADDR (.data)

.igot.plt       0x20000000        0x0 load address 0x08000210
 .igot.plt      0x20000000        0x0 build/startup.o

.bss            0x20000000        0x0 load address 0x08000210
                0x20000000                        . = ALIGN (0x4)
                0x20000000                        _sbss = .
 *(.bss*)
 *(COMMON)
                0x20000000                        . = ALIGN (0x4)
                0x20000000                        _ebss = .
OUTPUT(build/firmware.elf elf32-littlearm)
LOAD linker stubs

.debug_info     0x00000000      0x299
 .debug_info    0x00000000      0x1cd build/startup.o
 .debug_info    0x000001cd       0xcc build/main.o

.debug_abbrev   0x00000000      0x174
 .debug_abbrev  0x00000000       0xea build/startup.o
 .debug_abbrev  0x000000ea       0x8a build/main.o

.debug_aranges  0x00000000       0x90
 .debug_aranges
                0x00000000       0x70 build/startup.o
 .debug_aranges
                0x00000070       0x20 build/main.o

.debug_rnglists
                0x00000000       0x62
 .debug_rnglists
                0x00000000       0x4f build/startup.o
 .debug_rnglists
                0x0000004f       0x13 build/main.o

.debug_macro    0x00000000     0x105b
 .debug_macro   0x00000000       0x24 build/startup.o
 .debug_macro   0x00000024      0xad8 build/startup.o
 .debug_macro   0x00000afc      0x523 build/startup.o
 .debug_macro   0x0000101f       0x3c build/main.o

.debug_line     0x00000000      0x24f
 .debug_line    0x00000000      0x181 build/startup.o
 .debug_line    0x00000181       0xce build/main.o

.debug_str      0x00000000     0x3d11
 .debug_str     0x00000000     0x3d11 build/startup.o
                               0x402b (size before relaxing)
 .debug_str     0x00003d11        0x0 build/main.o
                               0x3fe4 (size before relaxing)

.comment        0x00000000       0x23
 .comment       0x00000000       0x23 build/startup.o
                                 0x24 (size before relaxing)
 .comment       0x00000023        0x0 build/main.o
                                 0x24 (size before relaxing)

.ARM.attributes
                0x00000000       0x2d
 .ARM.attributes
                0x00000000       0x2d build/startup.o
 .ARM.attributes
                0x0000002d       0x2d build/main.o

.debug_frame    0x00000000      0x14c
 .debug_frame   0x00000000      0x120 build/startup.o
 .debug_frame   0x00000120       0x2c build/main.o
